{
  "agent": {
    "name": "companyA-web01",
    "id": "001"
  },
  "data": {
    "srcuser": "hacker",
    "srcip": "198.51.100.7"
  },
  "rule": {
    "mail": false,
    "level": 10,
    "hipaa": [
      "164.312.b"
    ],
    "pci_dss": [
      "11.4",
      "10.2.4",
      "10.2.5"
    ],
    "tsc": [
      "CC6.1",
      "CC6.8",
      "CC7.2",
      "CC7.3"
    ],
    "description": "sshd: brute force trying to get access to the system. Non existent user.",
    "groups": [
      "syslog",
      "sshd",
      "authentication_failures"
    ],
    "nist_800_53": [
      "SI.4",
      "AU.14",
      "AC.7"
    ],
    "frequency": 8,
    "gdpr": [
      "IV_35.7.d",
      "IV_32.2"
    ],
    "firedtimes": 1,
    "mitre": {
      "technique": [
        "Brute Force"
      ],
      "id": [
        "T1110"
      ],
      "tactic": [
        "Credential Access"
      ]
    },
    "id": "5712"
  },
  "full_log": "Jun 15 14:10:09 web01 sshd[309]: Failed password for invalid user hacker from 198.51.100.7 port 4444 ssh2",
  "previous_output": "Jun 15 14:10:12 web01 sshd[312]: Failed password for invalid user hacker from 198.51.100.7 port 4444 ssh2\nJun 15 14:10:08 web01 sshd[308]: Failed password for invalid user hacker from 198.51.100.7 port 4444 ssh2\nJun 15 14:10:03 web01 sshd[303]: Failed password for invalid user hacker from 198.51.100.7 port 4444 ssh2\nJun 15 14:10:07 web01 sshd[307]: Failed password for invalid user hacker from 198.51.100.7 port 4444 ssh2\nJun 15 14:10:04 web01 sshd[304]: Failed password for invalid user hacker from 198.51.100.7 port 4444 ssh2\nJun 15 14:10:11 web01 sshd[311]: Failed password for invalid user hacker from 198.51.100.7 port 4444 ssh2\nJun 15 14:10:02 web01 sshd[302]: Failed password for invalid user hacker from 198.51.100.7 port 4444 ssh2"
}